2026-06-11 14:00:15.183 [TestNG-PoolService-1] INFO  com.hackathonproject.listeners.CucumberListener - ▶ SCENARIO STARTED: [Search web development courses for beginners in English and save to Excel] in [file:///C:/Users/2495236/HackathonProject_IdentifyCourses_POD1/src/test/resources/features/CourseSearch.feature]
2026-06-11 14:00:15.227 [TestNG-PoolService-3] INFO  com.hackathonproject.listeners.CucumberListener - ▶ SCENARIO STARTED: [Extract all languages and levels from Language Learning category] in [file:///C:/Users/2495236/HackathonProject_IdentifyCourses_POD1/src/test/resources/features/LanguageLearning.feature]
2026-06-11 14:00:15.251 [TestNG-PoolService-1] INFO  com.hackathonproject.hooks.CucumberHooks - ====== SCENARIO STARTED: Search web development courses for beginners in English and save to Excel ======
2026-06-11 14:00:15.252 [TestNG-PoolService-1] INFO  com.hackathonproject.hooks.CucumberHooks - Tags: [@CourseSearch, @Smoke]
2026-06-11 14:00:15.268 [TestNG-PoolService-1] INFO  com.hackathonproject.utils.ConfigReader - config.properties loaded successfully
2026-06-11 14:00:15.269 [TestNG-PoolService-1] INFO  com.hackathonproject.base.BaseClass - Launching browser: edge | headless=false | thread=TestNG-PoolService-1
2026-06-11 14:00:15.274 [TestNG-PoolService-2] INFO  com.hackathonproject.listeners.CucumberListener - ▶ SCENARIO STARTED: [Verify email validation error on business contact form] in [file:///C:/Users/2495236/HackathonProject_IdentifyCourses_POD1/src/test/resources/features/EnterpriseForm.feature]
2026-06-11 14:00:15.279 [TestNG-PoolService-2] INFO  com.hackathonproject.hooks.CucumberHooks - ====== SCENARIO STARTED: Verify email validation error on business contact form ======
2026-06-11 14:00:15.280 [TestNG-PoolService-2] INFO  com.hackathonproject.hooks.CucumberHooks - Tags: [@EnterpriseForm, @Smoke, @Regression]
2026-06-11 14:00:15.281 [TestNG-PoolService-2] INFO  com.hackathonproject.base.BaseClass - Launching browser: edge | headless=false | thread=TestNG-PoolService-2
2026-06-11 14:00:15.280 [TestNG-PoolService-3] INFO  com.hackathonproject.hooks.CucumberHooks - ====== SCENARIO STARTED: Extract all languages and levels from Language Learning category ======
2026-06-11 14:00:15.282 [TestNG-PoolService-3] INFO  com.hackathonproject.hooks.CucumberHooks - Tags: [@LanguageLearning, @Smoke]
2026-06-11 14:00:15.282 [TestNG-PoolService-3] INFO  com.hackathonproject.base.BaseClass - Launching browser: edge | headless=false | thread=TestNG-PoolService-3
2026-06-11 14:00:18.428 [TestNG-PoolService-2] WARN  com.hackathonproject.listeners.CucumberListener -    ⊘ STEP SKIPPED: the user navigates to the Coursera For Business page
2026-06-11 14:00:18.433 [TestNG-PoolService-1] WARN  com.hackathonproject.listeners.CucumberListener -    ⊘ STEP SKIPPED: the user is on the Coursera home page
2026-06-11 14:00:18.434 [TestNG-PoolService-3] WARN  com.hackathonproject.listeners.CucumberListener -    ⊘ STEP SKIPPED: the user navigates to the Language Learning category
2026-06-11 14:00:18.440 [TestNG-PoolService-2] WARN  com.hackathonproject.listeners.CucumberListener -    ⊘ STEP SKIPPED: the user clicks on Contact Sales
2026-06-11 14:00:18.442 [TestNG-PoolService-1] WARN  com.hackathonproject.listeners.CucumberListener -    ⊘ STEP SKIPPED: the user searches for "web development courses for beginners"
2026-06-11 14:00:18.445 [TestNG-PoolService-3] WARN  com.hackathonproject.listeners.CucumberListener -    ⊘ STEP SKIPPED: the user opens the language filter dropdown
2026-06-11 14:00:18.450 [TestNG-PoolService-1] WARN  com.hackathonproject.listeners.CucumberListener -    ⊘ STEP SKIPPED: the user applies the language filter "English"
2026-06-11 14:00:18.465 [TestNG-PoolService-1] WARN  com.hackathonproject.listeners.CucumberListener -    ⊘ STEP SKIPPED: the user applies the level filter "Beginner"
2026-06-11 14:00:18.471 [TestNG-PoolService-2] WARN  com.hackathonproject.listeners.CucumberListener -    ⊘ STEP SKIPPED: the user fills the contact form with the following details:
2026-06-11 14:00:18.473 [TestNG-PoolService-1] WARN  com.hackathonproject.listeners.CucumberListener -    ⊘ STEP SKIPPED: the user extracts the first 5 courses with name, hours and rating
2026-06-11 14:00:18.473 [TestNG-PoolService-3] WARN  com.hackathonproject.listeners.CucumberListener -    ⊘ STEP SKIPPED: the user opens the level filter dropdown
2026-06-11 14:00:18.477 [TestNG-PoolService-2] WARN  com.hackathonproject.listeners.CucumberListener -    ⊘ STEP SKIPPED: an email validation error message should be displayed
2026-06-11 14:00:18.479 [TestNG-PoolService-1] WARN  com.hackathonproject.listeners.CucumberListener -    ⊘ STEP SKIPPED: the course data is saved to an Excel file
2026-06-11 14:00:18.480 [TestNG-PoolService-3] WARN  com.hackathonproject.listeners.CucumberListener -    ⊘ STEP SKIPPED: all available languages with their counts should be captured and displayed
2026-06-11 14:00:18.484 [TestNG-PoolService-3] WARN  com.hackathonproject.listeners.CucumberListener -    ⊘ STEP SKIPPED: all available levels with their counts should be captured and displayed
2026-06-11 14:00:18.485 [TestNG-PoolService-3] WARN  com.hackathonproject.listeners.CucumberListener -    ⊘ STEP SKIPPED: the language list should contain at least 5 languages
2026-06-11 14:00:18.487 [TestNG-PoolService-3] WARN  com.hackathonproject.listeners.CucumberListener -    ⊘ STEP SKIPPED: the level list should contain at least 2 levels
2026-06-11 14:00:18.488 [TestNG-PoolService-1] WARN  com.hackathonproject.listeners.CucumberListener -    ⊘ STEP SKIPPED: the search results page should be displayed
2026-06-11 14:00:18.491 [TestNG-PoolService-1] WARN  com.hackathonproject.listeners.CucumberListener -    ⊘ STEP SKIPPED: the first course name should not be empty
2026-06-11 14:00:18.493 [TestNG-PoolService-2] WARN  com.hackathonproject.listeners.CucumberListener -    ⊘ STEP SKIPPED: the error message should contain "valid email"
2026-06-11 14:00:18.494 [TestNG-PoolService-3] INFO  com.hackathonproject.hooks.CucumberHooks - ====== SCENARIO FINISHED: Extract all languages and levels from Language Learning category | Status: FAILED ======
2026-06-11 14:00:18.495 [TestNG-PoolService-2] INFO  com.hackathonproject.hooks.CucumberHooks - ====== SCENARIO FINISHED: Verify email validation error on business contact form | Status: FAILED ======
2026-06-11 14:00:18.495 [TestNG-PoolService-1] INFO  com.hackathonproject.hooks.CucumberHooks - ====== SCENARIO FINISHED: Search web development courses for beginners in English and save to Excel | Status: FAILED ======
2026-06-11 14:00:18.495 [TestNG-PoolService-3] WARN  com.hackathonproject.hooks.CucumberHooks - Scenario FAILED — capturing screenshot
2026-06-11 14:00:18.495 [TestNG-PoolService-2] WARN  com.hackathonproject.hooks.CucumberHooks - Scenario FAILED — capturing screenshot
2026-06-11 14:00:18.495 [TestNG-PoolService-1] WARN  com.hackathonproject.hooks.CucumberHooks - Scenario FAILED — capturing screenshot
2026-06-11 14:00:18.503 [TestNG-PoolService-2] ERROR com.hackathonproject.utils.ScreenshotUtil - Screenshot capture (bytes) failed: Cannot invoke "org.openqa.selenium.TakesScreenshot.getScreenshotAs(org.openqa.selenium.OutputType)" because "ts" is null
2026-06-11 14:00:18.503 [TestNG-PoolService-3] ERROR com.hackathonproject.utils.ScreenshotUtil - Screenshot capture (bytes) failed: Cannot invoke "org.openqa.selenium.TakesScreenshot.getScreenshotAs(org.openqa.selenium.OutputType)" because "ts" is null
2026-06-11 14:00:18.503 [TestNG-PoolService-1] ERROR com.hackathonproject.utils.ScreenshotUtil - Screenshot capture (bytes) failed: Cannot invoke "org.openqa.selenium.TakesScreenshot.getScreenshotAs(org.openqa.selenium.OutputType)" because "ts" is null
2026-06-11 14:00:18.685 [TestNG-PoolService-3] ERROR com.hackathonproject.listeners.CucumberListener - ■ SCENARIO FAILED: [Extract all languages and levels from Language Learning category] in 3.61s | Status: FAILED
2026-06-11 14:00:18.700 [TestNG-PoolService-2] ERROR com.hackathonproject.listeners.CucumberListener - ■ SCENARIO FAILED: [Verify email validation error on business contact form] in 3.60s | Status: FAILED
2026-06-11 14:00:18.713 [TestNG-PoolService-1] ERROR com.hackathonproject.listeners.CucumberListener - ■ SCENARIO FAILED: [Search web development courses for beginners in English and save to Excel] in 3.60s | Status: FAILED
2026-06-11 14:00:18.814 [TestNG-test-CourseraTests-1] INFO  com.hackathonproject.listeners.CucumberListener - ========================================
2026-06-11 14:00:18.814 [TestNG-test-CourseraTests-1] INFO  com.hackathonproject.listeners.CucumberListener -   CUCUMBER TEST RUN FINISHED
2026-06-11 14:00:18.814 [TestNG-test-CourseraTests-1] INFO  com.hackathonproject.listeners.CucumberListener - ========================================
2026-06-11 14:00:18.821 [TestNG-test-CourseraTests-1] INFO  com.hackathonproject.listeners.CucumberListener - Extent Reports flushed successfully
2026-06-11 14:00:18.831 [TestNG-test-CourseraTests-1] INFO  com.hackathonproject.listeners.CucumberListener - Report archived: reports/cucumber/cucumber-report_2026-06-11_14-00-18.html
2026-06-11 14:00:18.838 [TestNG-test-CourseraTests-1] INFO  com.hackathonproject.listeners.CucumberListener - Report archived: reports/cucumber/cucumber-report_2026-06-11_14-00-18.json
2026-06-11 14:05:51.685 [TestNG-PoolService-1] INFO  com.hackathonproject.listeners.CucumberListener - ▶ SCENARIO STARTED: [Search web development courses for beginners in English and save to Excel] in [file:///C:/Users/2495236/HackathonProject_IdentifyCourses_POD1/src/test/resources/features/CourseSearch.feature]
2026-06-11 14:05:51.698 [TestNG-PoolService-3] INFO  com.hackathonproject.listeners.CucumberListener - ▶ SCENARIO STARTED: [Extract all languages and levels from Language Learning category] in [file:///C:/Users/2495236/HackathonProject_IdentifyCourses_POD1/src/test/resources/features/LanguageLearning.feature]
2026-06-11 14:05:51.717 [TestNG-PoolService-2] INFO  com.hackathonproject.listeners.CucumberListener - ▶ SCENARIO STARTED: [Verify email validation error on business contact form] in [file:///C:/Users/2495236/HackathonProject_IdentifyCourses_POD1/src/test/resources/features/EnterpriseForm.feature]
2026-06-11 14:05:51.721 [TestNG-PoolService-3] INFO  com.hackathonproject.hooks.CucumberHooks - ====== SCENARIO STARTED: Extract all languages and levels from Language Learning category ======
2026-06-11 14:05:51.721 [TestNG-PoolService-1] INFO  com.hackathonproject.hooks.CucumberHooks - ====== SCENARIO STARTED: Search web development courses for beginners in English and save to Excel ======
2026-06-11 14:05:51.722 [TestNG-PoolService-3] INFO  com.hackathonproject.hooks.CucumberHooks - Tags: [@LanguageLearning, @Smoke]
2026-06-11 14:05:51.722 [TestNG-PoolService-2] INFO  com.hackathonproject.hooks.CucumberHooks - ====== SCENARIO STARTED: Verify email validation error on business contact form ======
2026-06-11 14:05:51.722 [TestNG-PoolService-1] INFO  com.hackathonproject.hooks.CucumberHooks - Tags: [@CourseSearch, @Smoke]
2026-06-11 14:05:51.722 [TestNG-PoolService-2] INFO  com.hackathonproject.hooks.CucumberHooks - Tags: [@EnterpriseForm, @Smoke, @Regression]
2026-06-11 14:05:51.732 [TestNG-PoolService-3] INFO  com.hackathonproject.utils.ConfigReader - config.properties loaded successfully
2026-06-11 14:05:51.733 [TestNG-PoolService-1] INFO  com.hackathonproject.base.BaseClass - Launching browser: Chrome | headless=false | thread=TestNG-PoolService-1
2026-06-11 14:05:51.733 [TestNG-PoolService-3] INFO  com.hackathonproject.base.BaseClass - Launching browser: Chrome | headless=false | thread=TestNG-PoolService-3
2026-06-11 14:05:51.733 [TestNG-PoolService-2] INFO  com.hackathonproject.base.BaseClass - Launching browser: Chrome | headless=false | thread=TestNG-PoolService-2
2026-06-11 14:06:04.049 [TestNG-PoolService-1] INFO  com.hackathonproject.base.BaseClass - Chrome browser launched
2026-06-11 14:06:04.049 [TestNG-PoolService-3] INFO  com.hackathonproject.base.BaseClass - Chrome browser launched
2026-06-11 14:06:04.049 [TestNG-PoolService-2] INFO  com.hackathonproject.base.BaseClass - Chrome browser launched
2026-06-11 14:06:04.091 [TestNG-PoolService-1] INFO  com.hackathonproject.base.BaseClass - WebDriver [Chrome] created and stored in ThreadLocal. Session: d8f36f6822d9137a2a67cb6643ae709e
2026-06-11 14:06:04.096 [TestNG-PoolService-2] INFO  com.hackathonproject.base.BaseClass - WebDriver [Chrome] created and stored in ThreadLocal. Session: 6bf7ba9d8ae438db13ce6ff1da419d75
2026-06-11 14:06:04.096 [TestNG-PoolService-3] INFO  com.hackathonproject.base.BaseClass - WebDriver [Chrome] created and stored in ThreadLocal. Session: 7e7a73544f8ec2f2b790a13052a18020
2026-06-11 14:06:04.532 [TestNG-PoolService-1] INFO  com.hackathonproject.utils.ExtentReportManager - ExtentReports initialised at: reports/extent/ExtentReport_2026-06-11_14-06-04.html
2026-06-11 14:06:04.540 [TestNG-PoolService-2] INFO  com.hackathonproject.hooks.CucumberHooks - Browser launched successfully
2026-06-11 14:06:04.540 [TestNG-PoolService-3] INFO  com.hackathonproject.hooks.CucumberHooks - Browser launched successfully
2026-06-11 14:06:04.540 [TestNG-PoolService-1] INFO  com.hackathonproject.hooks.CucumberHooks - Browser launched successfully
2026-06-11 14:06:04.589 [TestNG-PoolService-3] INFO  com.hackathonproject.stepdefinitions.LanguageLearningSteps - STEP: Navigating to Language Learning category
2026-06-11 14:06:04.642 [TestNG-PoolService-2] INFO  com.hackathonproject.stepdefinitions.EnterpriseFormSteps - STEP: Navigating to Coursera For Business page
2026-06-11 14:06:04.644 [TestNG-PoolService-1] INFO  com.hackathonproject.stepdefinitions.CourseSearchSteps - STEP: Opening Coursera home page
2026-06-11 14:06:04.644 [TestNG-PoolService-1] INFO  com.hackathonproject.pages.HomePage - Navigating to: https://www.coursera.org
2026-06-11 14:06:20.406 [TestNG-PoolService-3] INFO  com.hackathonproject.listeners.CucumberListener -    ✓ STEP PASSED: the user navigates to the Language Learning category
2026-06-11 14:06:20.409 [TestNG-PoolService-3] INFO  com.hackathonproject.stepdefinitions.LanguageLearningSteps - STEP: Opening Language filter dropdown
2026-06-11 14:06:20.413 [TestNG-PoolService-3] INFO  com.hackathonproject.pages.LanguageCoursesPage - Extracting all language filter options
2026-06-11 14:06:22.407 [TestNG-PoolService-3] INFO  com.hackathonproject.utils.JavaScriptUtil - JavaScript click performed on element
2026-06-11 14:06:25.965 [TestNG-PoolService-1] INFO  com.hackathonproject.stepdefinitions.CourseSearchSteps - Home page opened successfully
2026-06-11 14:06:25.965 [TestNG-PoolService-1] INFO  com.hackathonproject.listeners.CucumberListener -    ✓ STEP PASSED: the user is on the Coursera home page
2026-06-11 14:06:25.996 [TestNG-PoolService-1] INFO  com.hackathonproject.stepdefinitions.CourseSearchSteps - STEP: Searching for: web development courses for beginners
2026-06-11 14:06:26.008 [TestNG-PoolService-1] INFO  com.hackathonproject.pages.HomePage - Searching for: web development courses for beginners
2026-06-11 14:06:28.419 [TestNG-PoolService-2] INFO  com.hackathonproject.listeners.CucumberListener -    ✓ STEP PASSED: the user navigates to the Coursera For Business page
2026-06-11 14:06:28.426 [TestNG-PoolService-2] INFO  com.hackathonproject.stepdefinitions.EnterpriseFormSteps - STEP: Clicking Contact Sales / scrolling to form
2026-06-11 14:06:28.426 [TestNG-PoolService-2] INFO  com.hackathonproject.pages.CampusPage - Scrolling to form section
2026-06-11 14:06:28.578 [TestNG-PoolService-2] INFO  com.hackathonproject.utils.JavaScriptUtil - Scrolled by 2000 pixels
2026-06-11 14:06:28.843 [TestNG-PoolService-2] INFO  com.hackathonproject.pages.CampusPage - Marketo form found
2026-06-11 14:06:28.850 [TestNG-PoolService-2] INFO  com.hackathonproject.listeners.CucumberListener -    ✓ STEP PASSED: the user clicks on Contact Sales
2026-06-11 14:06:29.012 [TestNG-PoolService-2] INFO  com.hackathonproject.stepdefinitions.EnterpriseFormSteps - STEP: Filling contact form with DataTable values
2026-06-11 14:06:29.033 [TestNG-PoolService-2] INFO  com.hackathonproject.stepdefinitions.EnterpriseFormSteps - Form data: {firstName=Balaji, lastName=Reddy, email=balajicogniznat.com}
2026-06-11 14:06:29.041 [TestNG-PoolService-2] INFO  com.hackathonproject.pages.CampusPage - Filling form with invalid email: balajicogniznat.com
2026-06-11 14:06:30.636 [TestNG-PoolService-2] INFO  com.hackathonproject.pages.CampusPage - Entered First Name: Balaji
2026-06-11 14:06:31.681 [TestNG-PoolService-2] INFO  com.hackathonproject.pages.CampusPage - Entered Last Name: Reddy
2026-06-11 14:06:32.837 [TestNG-PoolService-3] INFO  com.hackathonproject.pages.LanguageCoursesPage - Clicked 'Language' section
2026-06-11 14:06:51.051 [TestNG-PoolService-3] INFO  com.hackathonproject.pages.LanguageCoursesPage - Total languages: 62
2026-06-11 14:06:51.057 [TestNG-PoolService-3] INFO  com.hackathonproject.listeners.CucumberListener -    ✓ STEP PASSED: the user opens the language filter dropdown
2026-06-11 14:06:51.066 [TestNG-PoolService-3] INFO  com.hackathonproject.stepdefinitions.LanguageLearningSteps - STEP: Opening Level filter dropdown
2026-06-11 14:06:51.066 [TestNG-PoolService-3] INFO  com.hackathonproject.pages.LanguageCoursesPage - Extracting all level filter options
2026-06-11 14:06:53.480 [TestNG-PoolService-2] WARN  com.hackathonproject.utils.WaitUtil - Element not visible within timeout
2026-06-11 14:06:53.480 [TestNG-PoolService-2] INFO  com.hackathonproject.pages.CampusPage - Entered invalid email: balajicogniznat.com
2026-06-11 14:06:53.480 [TestNG-PoolService-2] INFO  com.hackathonproject.pages.CampusPage - Form filled successfully
2026-06-11 14:06:53.791 [TestNG-PoolService-2] INFO  com.hackathonproject.utils.ScreenshotUtil - Screenshot saved: C:\Users\2495236\HackathonProject_IdentifyCourses_POD1\screenshots\FormFilledWithInvalidEmail_2026-06-11_14-06-53.png
2026-06-11 14:06:53.824 [TestNG-PoolService-2] INFO  com.hackathonproject.listeners.CucumberListener -    ✓ STEP PASSED: the user fills the contact form with the following details:
2026-06-11 14:06:53.824 [TestNG-PoolService-2] INFO  com.hackathonproject.stepdefinitions.EnterpriseFormSteps - STEP: Checking for email validation error message
2026-06-11 14:06:54.085 [TestNG-PoolService-2] INFO  com.hackathonproject.pages.CampusPage - Submit clicked
2026-06-11 14:06:54.085 [TestNG-PoolService-2] INFO  com.hackathonproject.pages.CampusPage - Capturing email error message
2026-06-11 14:06:54.411 [TestNG-PoolService-2] INFO  com.hackathonproject.pages.CampusPage - Error: Must be valid email.
example@yourdomain.com
2026-06-11 14:06:54.411 [TestNG-PoolService-2] INFO  com.hackathonproject.stepdefinitions.EnterpriseFormSteps - Captured error message: Must be valid email.
example@yourdomain.com
2026-06-11 14:06:54.681 [TestNG-PoolService-2] INFO  com.hackathonproject.utils.ScreenshotUtil - Screenshot saved: C:\Users\2495236\HackathonProject_IdentifyCourses_POD1\screenshots\EmailValidationError_2026-06-11_14-06-54.png
2026-06-11 14:06:54.697 [TestNG-PoolService-2] INFO  com.hackathonproject.listeners.CucumberListener -    ✓ STEP PASSED: an email validation error message should be displayed
2026-06-11 14:06:54.708 [TestNG-PoolService-2] INFO  com.hackathonproject.stepdefinitions.EnterpriseFormSteps - STEP: Asserting error message contains: valid email
2026-06-11 14:06:54.713 [TestNG-PoolService-2] INFO  com.hackathonproject.stepdefinitions.EnterpriseFormSteps - Assertion PASSED: Must be valid email.
example@yourdomain.com
2026-06-11 14:06:54.721 [TestNG-PoolService-2] INFO  com.hackathonproject.listeners.CucumberListener -    ✓ STEP PASSED: the error message should contain "valid email"
2026-06-11 14:06:54.737 [TestNG-PoolService-2] INFO  com.hackathonproject.hooks.CucumberHooks - ====== SCENARIO FINISHED: Verify email validation error on business contact form | Status: PASSED ======
2026-06-11 14:06:54.737 [TestNG-PoolService-2] INFO  com.hackathonproject.base.BaseClass - Quitting Chrome browser on thread: TestNG-PoolService-2
2026-06-11 14:06:57.598 [TestNG-PoolService-1] INFO  com.hackathonproject.pages.HomePage - Search submitted. URL: https://www.coursera.org/search?query=web%20development%20courses%20for%20beginners
2026-06-11 14:06:57.598 [TestNG-PoolService-1] INFO  com.hackathonproject.listeners.CucumberListener -    ✓ STEP PASSED: the user searches for "web development courses for beginners"
2026-06-11 14:06:57.598 [TestNG-PoolService-1] INFO  com.hackathonproject.stepdefinitions.CourseSearchSteps - STEP: Applying language filter: English
2026-06-11 14:06:57.606 [TestNG-PoolService-1] INFO  com.hackathonproject.pages.SearchResultsPage - Applying language filter: English
2026-06-11 14:07:08.674 [TestNG-PoolService-2] INFO  com.hackathonproject.hooks.CucumberHooks - Browser closed. Scenario teardown complete.
2026-06-11 14:07:09.161 [TestNG-PoolService-2] INFO  com.hackathonproject.listeners.CucumberListener - ■ SCENARIO PASSED: [Verify email validation error on business contact form] in 77.25s
2026-06-11 14:07:13.291 [TestNG-PoolService-3] INFO  com.hackathonproject.utils.JavaScriptUtil - JavaScript click performed on element
2026-06-11 14:07:14.481 [TestNG-PoolService-1] INFO  com.hackathonproject.listeners.CucumberListener -    ✓ STEP PASSED: the user applies the language filter "English"
2026-06-11 14:07:14.483 [TestNG-PoolService-1] INFO  com.hackathonproject.stepdefinitions.CourseSearchSteps - STEP: Applying level filter: Beginner
2026-06-11 14:07:14.484 [TestNG-PoolService-1] INFO  com.hackathonproject.pages.SearchResultsPage - Applying level filter: Beginner
2026-06-11 14:07:23.341 [TestNG-PoolService-3] INFO  com.hackathonproject.pages.LanguageCoursesPage - Clicked 'Level' section
2026-06-11 14:07:23.687 [TestNG-PoolService-3] INFO  com.hackathonproject.pages.LanguageCoursesPage - Level: Beginner → 5168
2026-06-11 14:07:23.687 [TestNG-PoolService-3] INFO  com.hackathonproject.pages.LanguageCoursesPage - Level: Intermediate → 4375
2026-06-11 14:07:23.688 [TestNG-PoolService-3] INFO  com.hackathonproject.pages.LanguageCoursesPage - Level: Advanced → 457
2026-06-11 14:07:23.688 [TestNG-PoolService-3] INFO  com.hackathonproject.pages.LanguageCoursesPage - Level: Mixed → 1499
2026-06-11 14:07:23.688 [TestNG-PoolService-3] INFO  com.hackathonproject.pages.LanguageCoursesPage - Total levels: 4
2026-06-11 14:07:23.689 [TestNG-PoolService-3] INFO  com.hackathonproject.listeners.CucumberListener -    ✓ STEP PASSED: the user opens the level filter dropdown
2026-06-11 14:07:23.691 [TestNG-PoolService-3] INFO  com.hackathonproject.stepdefinitions.LanguageLearningSteps - STEP: Verifying languages were captured
2026-06-11 14:07:23.693 [TestNG-PoolService-3] INFO  com.hackathonproject.stepdefinitions.LanguageLearningSteps - 
===== LANGUAGES EXTRACTED =====
  English                   -> 10843 courses
  Kazakh                    -> 4433 courses
  Spanish                   -> 4368 courses
  French                    -> 4298 courses
  Arabic                    -> 4199 courses
  German                    -> 4182 courses
  Portuguese                -> 3031 courses
  Indonesian                -> 2986 courses
  Chinese                   -> 2822 courses
  Hungarian                 -> 2760 courses
  Russian                   -> 2686 courses
  Japanese                  -> 2681 courses
  Korean                    -> 2664 courses
  Hindi                     -> 2593 courses
  Italian                   -> 2579 courses
  Turkish                   -> 2541 courses
  Thai                      -> 2505 courses
  Ukrainian                 -> 2484 courses
  Dutch                     -> 2473 courses
  Greek                     -> 2472 courses
  Polish                    -> 2470 courses
  Swedish                   -> 2452 courses
  Uzbek                     -> 1963 courses
  Pushto                    -> 1840 courses
  Vietnamese                -> 1832 courses
  Azerbaijani               -> 1624 courses
  Urdu                      -> 1362 courses
  Bengali                   -> 1354 courses
  Oriya                     -> 238 courses
  Malay                     -> 206 courses
  Haitian (Haitian Creole)  -> 91 courses
  Persian                   -> 62 courses
  Khmer                     -> 38 courses
  Romanian                  -> 31 courses
  Hebrew                    -> 29 courses
  Serbian                   -> 23 courses
  Afrikaans                 -> 19 courses
  Finnish                   -> 16 courses
  Javanese                  -> 16 courses
  Tamil                     -> 16 courses
  Catalan                   -> 13 courses
  Slovak                    -> 11 courses
  Czech                     -> 10 courses
  Estonian                  -> 9 courses
  Mongolian                 -> 8 courses
  Albanian                  -> 5 courses
  Croatian                  -> 5 courses
  Georgian                  -> 5 courses
  Telugu                    -> 5 courses
  Bulgarian                 -> 3 courses
  Latvian                   -> 3 courses
  Lithuanian                -> 3 courses
  Burmese                   -> 2 courses
  Danish                    -> 2 courses
  Malayalam                 -> 2 courses
  Marathi                   -> 2 courses
  Nepali                    -> 2 courses
  Kinyarwanda               -> 1 courses
  Macedonian                -> 1 courses
  Slovenian                 -> 1 courses
  Swahili                   -> 1 courses
  Tagalog                   -> 1 courses
================================
2026-06-11 14:07:23.694 [TestNG-PoolService-3] INFO  com.hackathonproject.listeners.CucumberListener -    ✓ STEP PASSED: all available languages with their counts should be captured and displayed
2026-06-11 14:07:23.696 [TestNG-PoolService-3] INFO  com.hackathonproject.stepdefinitions.LanguageLearningSteps - STEP: Verifying levels were captured
2026-06-11 14:07:23.697 [TestNG-PoolService-3] INFO  com.hackathonproject.stepdefinitions.LanguageLearningSteps - 
===== LEVELS EXTRACTED =====
  Beginner                  -> 5168 courses
  Intermediate              -> 4375 courses
  Advanced                  -> 457 courses
  Mixed                     -> 1499 courses
============================
2026-06-11 14:07:23.698 [TestNG-PoolService-3] INFO  com.hackathonproject.listeners.CucumberListener -    ✓ STEP PASSED: all available levels with their counts should be captured and displayed
2026-06-11 14:07:23.760 [TestNG-PoolService-3] INFO  com.hackathonproject.stepdefinitions.LanguageLearningSteps - STEP: Asserting language count >= 5
2026-06-11 14:07:23.763 [TestNG-PoolService-3] INFO  com.hackathonproject.stepdefinitions.LanguageLearningSteps - Language count: 62 >= 5
2026-06-11 14:07:23.765 [TestNG-PoolService-3] INFO  com.hackathonproject.listeners.CucumberListener -    ✓ STEP PASSED: the language list should contain at least 5 languages
2026-06-11 14:07:23.767 [TestNG-PoolService-3] INFO  com.hackathonproject.stepdefinitions.LanguageLearningSteps - STEP: Asserting level count >= 2
2026-06-11 14:07:23.767 [TestNG-PoolService-3] INFO  com.hackathonproject.stepdefinitions.LanguageLearningSteps - Level count: 4 >= 2
2026-06-11 14:07:23.769 [TestNG-PoolService-3] INFO  com.hackathonproject.listeners.CucumberListener -    ✓ STEP PASSED: the level list should contain at least 2 levels
2026-06-11 14:07:23.770 [TestNG-PoolService-3] INFO  com.hackathonproject.hooks.CucumberHooks - ====== SCENARIO FINISHED: Extract all languages and levels from Language Learning category | Status: PASSED ======
2026-06-11 14:07:23.770 [TestNG-PoolService-3] INFO  com.hackathonproject.base.BaseClass - Quitting Chrome browser on thread: TestNG-PoolService-3
2026-06-11 14:07:29.656 [TestNG-PoolService-1] INFO  com.hackathonproject.listeners.CucumberListener -    ✓ STEP PASSED: the user applies the level filter "Beginner"
2026-06-11 14:07:29.659 [TestNG-PoolService-1] INFO  com.hackathonproject.stepdefinitions.CourseSearchSteps - STEP: Extracting 5 courses
2026-06-11 14:07:29.660 [TestNG-PoolService-1] INFO  com.hackathonproject.pages.SearchResultsPage - Extracting top 5 courses
2026-06-11 14:07:30.825 [TestNG-PoolService-3] INFO  com.hackathonproject.hooks.CucumberHooks - Browser closed. Scenario teardown complete.
2026-06-11 14:07:30.843 [TestNG-PoolService-3] INFO  com.hackathonproject.listeners.CucumberListener - ■ SCENARIO PASSED: [Extract all languages and levels from Language Learning category] in 99.40s
2026-06-11 14:07:39.839 [TestNG-PoolService-1] INFO  com.hackathonproject.utils.JavaScriptUtil - Scrolled by 800 pixels
2026-06-11 14:07:40.041 [TestNG-PoolService-1] INFO  com.hackathonproject.utils.JavaScriptUtil - Scrolled to top of page
2026-06-11 14:07:40.199 [TestNG-PoolService-1] INFO  com.hackathonproject.pages.SearchResultsPage - Found 11 course cards
2026-06-11 14:07:40.337 [TestNG-PoolService-1] INFO  com.hackathonproject.pages.SearchResultsPage - Extracted: 1. Status: Free Trial | Rating: 4.7 | Hours: 3 - 6 Months
2026-06-11 14:07:40.857 [TestNG-PoolService-1] INFO  com.hackathonproject.pages.SearchResultsPage - Extracted: 2. Status: Preview | Rating: 4.6 | Hours: 1 - 3 Months
2026-06-11 14:07:40.904 [TestNG-PoolService-1] INFO  com.hackathonproject.pages.SearchResultsPage - Extracted: 3. Status: New | Rating: N/A | Hours: 3 - 6 Months
2026-06-11 14:07:40.954 [TestNG-PoolService-1] INFO  com.hackathonproject.pages.SearchResultsPage - Total extracted: 3
2026-06-11 14:07:40.954 [TestNG-PoolService-1] INFO  com.hackathonproject.stepdefinitions.CourseSearchSteps - Course: 1. Status: Free Trial | Rating: 4.7 | Hours: 3 - 6 Months
2026-06-11 14:07:40.955 [TestNG-PoolService-1] INFO  com.hackathonproject.stepdefinitions.CourseSearchSteps - Course: 2. Status: Preview | Rating: 4.6 | Hours: 1 - 3 Months
2026-06-11 14:07:40.955 [TestNG-PoolService-1] INFO  com.hackathonproject.stepdefinitions.CourseSearchSteps - Course: 3. Status: New | Rating: N/A | Hours: 3 - 6 Months
2026-06-11 14:07:40.956 [TestNG-PoolService-1] INFO  com.hackathonproject.stepdefinitions.CourseSearchSteps - Extraction complete. Got 3 courses.
2026-06-11 14:07:40.957 [TestNG-PoolService-1] INFO  com.hackathonproject.listeners.CucumberListener -    ✓ STEP PASSED: the user extracts the first 5 courses with name, hours and rating
2026-06-11 14:07:40.958 [TestNG-PoolService-1] INFO  com.hackathonproject.stepdefinitions.CourseSearchSteps - STEP: Saving course data to Excel
2026-06-11 14:07:40.959 [TestNG-PoolService-1] INFO  com.hackathonproject.pages.SearchResultsPage - Saving 3 courses to Excel: src/test/resources/testdata/CourseData.xlsx
2026-06-11 14:07:40.976 [TestNG-PoolService-1] INFO  com.hackathonproject.utils.ExcelDataWriter - Writing 3 courses to Excel: src/test/resources/testdata/CourseData.xlsx
2026-06-11 14:07:42.691 [TestNG-PoolService-1] INFO  com.hackathonproject.utils.ExcelDataWriter - Excel file saved: src/test/resources/testdata/CourseData.xlsx
2026-06-11 14:07:42.702 [TestNG-PoolService-1] INFO  com.hackathonproject.stepdefinitions.CourseSearchSteps - Excel saved successfully: src/test/resources/testdata/CourseData.xlsx
2026-06-11 14:07:42.704 [TestNG-PoolService-1] INFO  com.hackathonproject.listeners.CucumberListener -    ✓ STEP PASSED: the course data is saved to an Excel file
2026-06-11 14:07:42.705 [TestNG-PoolService-1] INFO  com.hackathonproject.stepdefinitions.CourseSearchSteps - STEP: Verifying search results page
2026-06-11 14:07:42.722 [TestNG-PoolService-1] INFO  com.hackathonproject.stepdefinitions.CourseSearchSteps - Search results page verified. URL: https://www.coursera.org/search?query=web%20development%20courses%20for%20beginners&language=English&productDifficultyLevel=Beginner
2026-06-11 14:07:42.724 [TestNG-PoolService-1] INFO  com.hackathonproject.listeners.CucumberListener -    ✓ STEP PASSED: the search results page should be displayed
2026-06-11 14:07:42.726 [TestNG-PoolService-1] INFO  com.hackathonproject.stepdefinitions.CourseSearchSteps - STEP: Asserting first course name is not empty
2026-06-11 14:07:42.726 [TestNG-PoolService-1] INFO  com.hackathonproject.stepdefinitions.CourseSearchSteps - First course name: Status: Free Trial
2026-06-11 14:07:42.727 [TestNG-PoolService-1] INFO  com.hackathonproject.listeners.CucumberListener -    ✓ STEP PASSED: the first course name should not be empty
2026-06-11 14:07:42.728 [TestNG-PoolService-1] INFO  com.hackathonproject.hooks.CucumberHooks - ====== SCENARIO FINISHED: Search web development courses for beginners in English and save to Excel | Status: PASSED ======
2026-06-11 14:07:42.729 [TestNG-PoolService-1] INFO  com.hackathonproject.base.BaseClass - Quitting Chrome browser on thread: TestNG-PoolService-1
2026-06-11 14:07:50.197 [TestNG-PoolService-1] INFO  com.hackathonproject.hooks.CucumberHooks - Browser closed. Scenario teardown complete.
2026-06-11 14:07:50.214 [TestNG-PoolService-1] INFO  com.hackathonproject.listeners.CucumberListener - ■ SCENARIO PASSED: [Search web development courses for beginners in English and save to Excel] in 118.78s
2026-06-11 14:07:50.313 [TestNG-test-CourseraTests-1] INFO  com.hackathonproject.listeners.CucumberListener - ========================================
2026-06-11 14:07:50.313 [TestNG-test-CourseraTests-1] INFO  com.hackathonproject.listeners.CucumberListener -   CUCUMBER TEST RUN FINISHED
2026-06-11 14:07:50.313 [TestNG-test-CourseraTests-1] INFO  com.hackathonproject.listeners.CucumberListener - ========================================
2026-06-11 14:07:51.235 [TestNG-test-CourseraTests-1] INFO  com.hackathonproject.utils.ExtentReportManager - Extent Reports flushed to disk
2026-06-11 14:07:51.235 [TestNG-test-CourseraTests-1] INFO  com.hackathonproject.listeners.CucumberListener - Extent Reports flushed successfully
2026-06-11 14:07:51.244 [TestNG-test-CourseraTests-1] INFO  com.hackathonproject.listeners.CucumberListener - Report archived: reports/cucumber/cucumber-report_2026-06-11_14-06-04.html
2026-06-11 14:07:51.254 [TestNG-test-CourseraTests-1] INFO  com.hackathonproject.listeners.CucumberListener - Report archived: reports/cucumber/cucumber-report_2026-06-11_14-06-04.json
2026-06-11 14:09:32.386 [TestNG-PoolService-1] INFO  com.hackathonproject.listeners.CucumberListener - ▶ SCENARIO STARTED: [Search web development courses for beginners in English and save to Excel] in [file:///C:/Users/2495236/HackathonProject_IdentifyCourses_POD1/src/test/resources/features/CourseSearch.feature]
2026-06-11 14:09:32.413 [TestNG-PoolService-2] INFO  com.hackathonproject.listeners.CucumberListener - ▶ SCENARIO STARTED: [Verify email validation error on business contact form] in [file:///C:/Users/2495236/HackathonProject_IdentifyCourses_POD1/src/test/resources/features/EnterpriseForm.feature]
2026-06-11 14:09:32.429 [TestNG-PoolService-3] INFO  com.hackathonproject.listeners.CucumberListener - ▶ SCENARIO STARTED: [Extract all languages and levels from Language Learning category] in [file:///C:/Users/2495236/HackathonProject_IdentifyCourses_POD1/src/test/resources/features/LanguageLearning.feature]
2026-06-11 14:09:32.431 [TestNG-PoolService-1] INFO  com.hackathonproject.hooks.CucumberHooks - ====== SCENARIO STARTED: Search web development courses for beginners in English and save to Excel ======
2026-06-11 14:09:32.431 [TestNG-PoolService-2] INFO  com.hackathonproject.hooks.CucumberHooks - ====== SCENARIO STARTED: Verify email validation error on business contact form ======
2026-06-11 14:09:32.432 [TestNG-PoolService-1] INFO  com.hackathonproject.hooks.CucumberHooks - Tags: [@CourseSearch, @Smoke]
2026-06-11 14:09:32.432 [TestNG-PoolService-2] INFO  com.hackathonproject.hooks.CucumberHooks - Tags: [@EnterpriseForm, @Smoke, @Regression]
2026-06-11 14:09:32.432 [TestNG-PoolService-3] INFO  com.hackathonproject.hooks.CucumberHooks - ====== SCENARIO STARTED: Extract all languages and levels from Language Learning category ======
2026-06-11 14:09:32.433 [TestNG-PoolService-3] INFO  com.hackathonproject.hooks.CucumberHooks - Tags: [@LanguageLearning, @Smoke]
2026-06-11 14:09:32.490 [TestNG-PoolService-1] INFO  com.hackathonproject.utils.ConfigReader - config.properties loaded successfully
2026-06-11 14:09:32.491 [TestNG-PoolService-1] INFO  com.hackathonproject.base.BaseClass - Launching browser: Chrome | headless=false | thread=TestNG-PoolService-1
2026-06-11 14:09:32.491 [TestNG-PoolService-3] INFO  com.hackathonproject.base.BaseClass - Launching browser: Chrome | headless=false | thread=TestNG-PoolService-3
2026-06-11 14:09:32.492 [TestNG-PoolService-2] INFO  com.hackathonproject.base.BaseClass - Launching browser: Chrome | headless=false | thread=TestNG-PoolService-2
2026-06-11 14:09:38.288 [TestNG-PoolService-3] INFO  com.hackathonproject.base.BaseClass - Chrome browser launched
2026-06-11 14:09:38.288 [TestNG-PoolService-1] INFO  com.hackathonproject.base.BaseClass - Chrome browser launched
2026-06-11 14:09:38.290 [TestNG-PoolService-2] INFO  com.hackathonproject.base.BaseClass - Chrome browser launched
2026-06-11 14:09:38.318 [TestNG-PoolService-1] INFO  com.hackathonproject.base.BaseClass - WebDriver [Chrome] created and stored in ThreadLocal. Session: 50256309764ad477136e1ff9a40555f2
2026-06-11 14:09:38.320 [TestNG-PoolService-3] INFO  com.hackathonproject.base.BaseClass - WebDriver [Chrome] created and stored in ThreadLocal. Session: 7ecb188d52213aceeebcb8cebff8a823
2026-06-11 14:09:38.324 [TestNG-PoolService-2] INFO  com.hackathonproject.base.BaseClass - WebDriver [Chrome] created and stored in ThreadLocal. Session: 83ee85ffd97a622f90abfec54549109e
2026-06-11 14:09:38.716 [TestNG-PoolService-1] INFO  com.hackathonproject.utils.ExtentReportManager - ExtentReports initialised at: reports/extent/ExtentReport_2026-06-11_14-09-38.html
2026-06-11 14:09:38.725 [TestNG-PoolService-2] INFO  com.hackathonproject.hooks.CucumberHooks - Browser launched successfully
2026-06-11 14:09:38.725 [TestNG-PoolService-3] INFO  com.hackathonproject.hooks.CucumberHooks - Browser launched successfully
2026-06-11 14:09:38.725 [TestNG-PoolService-1] INFO  com.hackathonproject.hooks.CucumberHooks - Browser launched successfully
2026-06-11 14:09:38.769 [TestNG-PoolService-3] INFO  com.hackathonproject.stepdefinitions.LanguageLearningSteps - STEP: Navigating to Language Learning category
2026-06-11 14:09:38.801 [TestNG-PoolService-2] INFO  com.hackathonproject.stepdefinitions.EnterpriseFormSteps - STEP: Navigating to Coursera For Business page
2026-06-11 14:09:38.814 [TestNG-PoolService-1] INFO  com.hackathonproject.stepdefinitions.CourseSearchSteps - STEP: Opening Coursera home page
2026-06-11 14:09:38.824 [TestNG-PoolService-1] INFO  com.hackathonproject.pages.HomePage - Navigating to: https://www.coursera.org
2026-06-11 14:09:51.526 [TestNG-PoolService-2] INFO  com.hackathonproject.listeners.CucumberListener -    ✓ STEP PASSED: the user navigates to the Coursera For Business page
2026-06-11 14:09:51.541 [TestNG-PoolService-2] INFO  com.hackathonproject.stepdefinitions.EnterpriseFormSteps - STEP: Clicking Contact Sales / scrolling to form
2026-06-11 14:09:51.547 [TestNG-PoolService-2] INFO  com.hackathonproject.pages.CampusPage - Scrolling to form section
2026-06-11 14:09:51.591 [TestNG-PoolService-2] INFO  com.hackathonproject.utils.JavaScriptUtil - Scrolled by 2000 pixels
2026-06-11 14:09:51.951 [TestNG-PoolService-2] INFO  com.hackathonproject.pages.CampusPage - Marketo form found
2026-06-11 14:09:51.964 [TestNG-PoolService-2] INFO  com.hackathonproject.listeners.CucumberListener -    ✓ STEP PASSED: the user clicks on Contact Sales
2026-06-11 14:09:51.996 [TestNG-PoolService-2] INFO  com.hackathonproject.stepdefinitions.EnterpriseFormSteps - STEP: Filling contact form with DataTable values
2026-06-11 14:09:52.015 [TestNG-PoolService-2] INFO  com.hackathonproject.stepdefinitions.EnterpriseFormSteps - Form data: {firstName=Balaji, lastName=Reddy, email=balajicogniznat.com}
2026-06-11 14:09:52.023 [TestNG-PoolService-2] INFO  com.hackathonproject.pages.CampusPage - Filling form with invalid email: balajicogniznat.com
2026-06-11 14:09:52.585 [TestNG-PoolService-2] INFO  com.hackathonproject.pages.CampusPage - Entered First Name: Balaji
2026-06-11 14:09:53.288 [TestNG-PoolService-2] INFO  com.hackathonproject.pages.CampusPage - Entered Last Name: Reddy
2026-06-11 14:09:53.880 [TestNG-PoolService-3] INFO  com.hackathonproject.listeners.CucumberListener -    ✓ STEP PASSED: the user navigates to the Language Learning category
2026-06-11 14:09:53.885 [TestNG-PoolService-3] INFO  com.hackathonproject.stepdefinitions.LanguageLearningSteps - STEP: Opening Language filter dropdown
2026-06-11 14:09:53.886 [TestNG-PoolService-3] INFO  com.hackathonproject.pages.LanguageCoursesPage - Extracting all language filter options
2026-06-11 14:09:54.390 [TestNG-PoolService-1] INFO  com.hackathonproject.stepdefinitions.CourseSearchSteps - Home page opened successfully
2026-06-11 14:09:54.395 [TestNG-PoolService-1] INFO  com.hackathonproject.listeners.CucumberListener -    ✓ STEP PASSED: the user is on the Coursera home page
2026-06-11 14:09:54.399 [TestNG-PoolService-1] INFO  com.hackathonproject.stepdefinitions.CourseSearchSteps - STEP: Searching for: web development courses for beginners
2026-06-11 14:09:54.399 [TestNG-PoolService-1] INFO  com.hackathonproject.pages.HomePage - Searching for: web development courses for beginners
2026-06-11 14:09:55.243 [TestNG-PoolService-3] INFO  com.hackathonproject.utils.JavaScriptUtil - JavaScript click performed on element
2026-06-11 14:10:05.434 [TestNG-PoolService-3] INFO  com.hackathonproject.pages.LanguageCoursesPage - Clicked 'Language' section
2026-06-11 14:10:15.216 [TestNG-PoolService-2] WARN  com.hackathonproject.utils.WaitUtil - Element not visible within timeout
2026-06-11 14:10:15.218 [TestNG-PoolService-2] INFO  com.hackathonproject.pages.CampusPage - Entered invalid email: balajicogniznat.com
2026-06-11 14:10:15.218 [TestNG-PoolService-2] INFO  com.hackathonproject.pages.CampusPage - Form filled successfully
2026-06-11 14:10:15.516 [TestNG-PoolService-2] INFO  com.hackathonproject.utils.ScreenshotUtil - Screenshot saved: C:\Users\2495236\HackathonProject_IdentifyCourses_POD1\screenshots\FormFilledWithInvalidEmail_2026-06-11_14-10-15.png
2026-06-11 14:10:15.580 [TestNG-PoolService-2] INFO  com.hackathonproject.listeners.CucumberListener -    ✓ STEP PASSED: the user fills the contact form with the following details:
2026-06-11 14:10:15.586 [TestNG-PoolService-2] INFO  com.hackathonproject.stepdefinitions.EnterpriseFormSteps - STEP: Checking for email validation error message
2026-06-11 14:10:15.828 [TestNG-PoolService-2] INFO  com.hackathonproject.pages.CampusPage - Submit clicked
2026-06-11 14:10:15.831 [TestNG-PoolService-2] INFO  com.hackathonproject.pages.CampusPage - Capturing email error message
2026-06-11 14:10:16.093 [TestNG-PoolService-2] INFO  com.hackathonproject.pages.CampusPage - Error: Must be valid email.
example@yourdomain.com
2026-06-11 14:10:16.094 [TestNG-PoolService-2] INFO  com.hackathonproject.stepdefinitions.EnterpriseFormSteps - Captured error message: Must be valid email.
example@yourdomain.com
2026-06-11 14:10:16.422 [TestNG-PoolService-2] INFO  com.hackathonproject.utils.ScreenshotUtil - Screenshot saved: C:\Users\2495236\HackathonProject_IdentifyCourses_POD1\screenshots\EmailValidationError_2026-06-11_14-10-16.png
2026-06-11 14:10:16.448 [TestNG-PoolService-2] INFO  com.hackathonproject.listeners.CucumberListener -    ✓ STEP PASSED: an email validation error message should be displayed
2026-06-11 14:10:16.455 [TestNG-PoolService-2] INFO  com.hackathonproject.stepdefinitions.EnterpriseFormSteps - STEP: Asserting error message contains: valid email
2026-06-11 14:10:16.459 [TestNG-PoolService-2] INFO  com.hackathonproject.stepdefinitions.EnterpriseFormSteps - Assertion PASSED: Must be valid email.
example@yourdomain.com
2026-06-11 14:10:16.468 [TestNG-PoolService-2] INFO  com.hackathonproject.listeners.CucumberListener -    ✓ STEP PASSED: the error message should contain "valid email"
2026-06-11 14:10:16.480 [TestNG-PoolService-2] INFO  com.hackathonproject.hooks.CucumberHooks - ====== SCENARIO FINISHED: Verify email validation error on business contact form | Status: PASSED ======
2026-06-11 14:10:16.482 [TestNG-PoolService-2] INFO  com.hackathonproject.base.BaseClass - Quitting Chrome browser on thread: TestNG-PoolService-2
2026-06-11 14:10:20.470 [TestNG-PoolService-3] INFO  com.hackathonproject.pages.LanguageCoursesPage - Total languages: 62
2026-06-11 14:10:20.472 [TestNG-PoolService-3] INFO  com.hackathonproject.listeners.CucumberListener -    ✓ STEP PASSED: the user opens the language filter dropdown
2026-06-11 14:10:20.476 [TestNG-PoolService-3] INFO  com.hackathonproject.stepdefinitions.LanguageLearningSteps - STEP: Opening Level filter dropdown
2026-06-11 14:10:20.478 [TestNG-PoolService-3] INFO  com.hackathonproject.pages.LanguageCoursesPage - Extracting all level filter options
2026-06-11 14:10:27.473 [TestNG-PoolService-2] INFO  com.hackathonproject.hooks.CucumberHooks - Browser closed. Scenario teardown complete.
2026-06-11 14:10:27.695 [TestNG-PoolService-2] INFO  com.hackathonproject.listeners.CucumberListener - ■ SCENARIO PASSED: [Verify email validation error on business contact form] in 55.38s
2026-06-11 14:10:30.189 [TestNG-PoolService-1] INFO  com.hackathonproject.pages.HomePage - Search submitted. URL: https://www.coursera.org/search?query=web%20development%20courses%20for%20beginners
2026-06-11 14:10:30.189 [TestNG-PoolService-1] INFO  com.hackathonproject.listeners.CucumberListener -    ✓ STEP PASSED: the user searches for "web development courses for beginners"
2026-06-11 14:10:30.208 [TestNG-PoolService-1] INFO  com.hackathonproject.stepdefinitions.CourseSearchSteps - STEP: Applying language filter: English
2026-06-11 14:10:30.210 [TestNG-PoolService-1] INFO  com.hackathonproject.pages.SearchResultsPage - Applying language filter: English
2026-06-11 14:10:37.381 [TestNG-PoolService-3] INFO  com.hackathonproject.utils.JavaScriptUtil - JavaScript click performed on element
2026-06-11 14:10:46.124 [TestNG-PoolService-1] INFO  com.hackathonproject.listeners.CucumberListener -    ✓ STEP PASSED: the user applies the language filter "English"
2026-06-11 14:10:46.124 [TestNG-PoolService-1] INFO  com.hackathonproject.stepdefinitions.CourseSearchSteps - STEP: Applying level filter: Beginner
2026-06-11 14:10:46.124 [TestNG-PoolService-1] INFO  com.hackathonproject.pages.SearchResultsPage - Applying level filter: Beginner
2026-06-11 14:10:47.456 [TestNG-PoolService-3] INFO  com.hackathonproject.pages.LanguageCoursesPage - Clicked 'Level' section
2026-06-11 14:10:47.740 [TestNG-PoolService-3] INFO  com.hackathonproject.pages.LanguageCoursesPage - Level: Beginner → 5168
2026-06-11 14:10:47.740 [TestNG-PoolService-3] INFO  com.hackathonproject.pages.LanguageCoursesPage - Level: Intermediate → 4375
2026-06-11 14:10:47.741 [TestNG-PoolService-3] INFO  com.hackathonproject.pages.LanguageCoursesPage - Level: Advanced → 457
2026-06-11 14:10:47.741 [TestNG-PoolService-3] INFO  com.hackathonproject.pages.LanguageCoursesPage - Level: Mixed → 1499
2026-06-11 14:10:47.741 [TestNG-PoolService-3] INFO  com.hackathonproject.pages.LanguageCoursesPage - Total levels: 4
2026-06-11 14:10:47.743 [TestNG-PoolService-3] INFO  com.hackathonproject.listeners.CucumberListener -    ✓ STEP PASSED: the user opens the level filter dropdown
2026-06-11 14:10:47.745 [TestNG-PoolService-3] INFO  com.hackathonproject.stepdefinitions.LanguageLearningSteps - STEP: Verifying languages were captured
2026-06-11 14:10:47.750 [TestNG-PoolService-3] INFO  com.hackathonproject.stepdefinitions.LanguageLearningSteps - 
===== LANGUAGES EXTRACTED =====
  English                   -> 10843 courses
  Kazakh                    -> 4433 courses
  Spanish                   -> 4368 courses
  French                    -> 4298 courses
  Arabic                    -> 4199 courses
  German                    -> 4182 courses
  Portuguese                -> 3031 courses
  Indonesian                -> 2986 courses
  Chinese                   -> 2822 courses
  Hungarian                 -> 2760 courses
  Russian                   -> 2686 courses
  Japanese                  -> 2681 courses
  Korean                    -> 2664 courses
  Hindi                     -> 2593 courses
  Italian                   -> 2579 courses
  Turkish                   -> 2541 courses
  Thai                      -> 2505 courses
  Ukrainian                 -> 2484 courses
  Dutch                     -> 2473 courses
  Greek                     -> 2472 courses
  Polish                    -> 2470 courses
  Swedish                   -> 2452 courses
  Uzbek                     -> 1963 courses
  Pushto                    -> 1840 courses
  Vietnamese                -> 1832 courses
  Azerbaijani               -> 1624 courses
  Urdu                      -> 1362 courses
  Bengali                   -> 1354 courses
  Oriya                     -> 238 courses
  Malay                     -> 206 courses
  Haitian (Haitian Creole)  -> 91 courses
  Persian                   -> 62 courses
  Khmer                     -> 38 courses
  Romanian                  -> 31 courses
  Hebrew                    -> 29 courses
  Serbian                   -> 23 courses
  Afrikaans                 -> 19 courses
  Finnish                   -> 16 courses
  Javanese                  -> 16 courses
  Tamil                     -> 16 courses
  Catalan                   -> 13 courses
  Slovak                    -> 11 courses
  Czech                     -> 10 courses
  Estonian                  -> 9 courses
  Mongolian                 -> 8 courses
  Albanian                  -> 5 courses
  Croatian                  -> 5 courses
  Georgian                  -> 5 courses
  Telugu                    -> 5 courses
  Bulgarian                 -> 3 courses
  Latvian                   -> 3 courses
  Lithuanian                -> 3 courses
  Burmese                   -> 2 courses
  Danish                    -> 2 courses
  Malayalam                 -> 2 courses
  Marathi                   -> 2 courses
  Nepali                    -> 2 courses
  Kinyarwanda               -> 1 courses
  Macedonian                -> 1 courses
  Slovenian                 -> 1 courses
  Swahili                   -> 1 courses
  Tagalog                   -> 1 courses
================================
2026-06-11 14:10:47.750 [TestNG-PoolService-3] INFO  com.hackathonproject.listeners.CucumberListener -    ✓ STEP PASSED: all available languages with their counts should be captured and displayed
2026-06-11 14:10:47.756 [TestNG-PoolService-3] INFO  com.hackathonproject.stepdefinitions.LanguageLearningSteps - STEP: Verifying levels were captured
2026-06-11 14:10:47.756 [TestNG-PoolService-3] INFO  com.hackathonproject.stepdefinitions.LanguageLearningSteps - 
===== LEVELS EXTRACTED =====
  Beginner                  -> 5168 courses
  Intermediate              -> 4375 courses
  Advanced                  -> 457 courses
  Mixed                     -> 1499 courses
============================
2026-06-11 14:10:47.759 [TestNG-PoolService-3] INFO  com.hackathonproject.listeners.CucumberListener -    ✓ STEP PASSED: all available levels with their counts should be captured and displayed
2026-06-11 14:10:47.766 [TestNG-PoolService-3] INFO  com.hackathonproject.stepdefinitions.LanguageLearningSteps - STEP: Asserting language count >= 5
2026-06-11 14:10:47.775 [TestNG-PoolService-3] INFO  com.hackathonproject.stepdefinitions.LanguageLearningSteps - Language count: 62 >= 5
2026-06-11 14:10:47.777 [TestNG-PoolService-3] INFO  com.hackathonproject.listeners.CucumberListener -    ✓ STEP PASSED: the language list should contain at least 5 languages
2026-06-11 14:10:47.782 [TestNG-PoolService-3] INFO  com.hackathonproject.stepdefinitions.LanguageLearningSteps - STEP: Asserting level count >= 2
2026-06-11 14:10:47.782 [TestNG-PoolService-3] INFO  com.hackathonproject.stepdefinitions.LanguageLearningSteps - Level count: 4 >= 2
2026-06-11 14:10:47.785 [TestNG-PoolService-3] INFO  com.hackathonproject.listeners.CucumberListener -    ✓ STEP PASSED: the level list should contain at least 2 levels
2026-06-11 14:10:47.785 [TestNG-PoolService-3] INFO  com.hackathonproject.hooks.CucumberHooks - ====== SCENARIO FINISHED: Extract all languages and levels from Language Learning category | Status: PASSED ======
2026-06-11 14:10:47.785 [TestNG-PoolService-3] INFO  com.hackathonproject.base.BaseClass - Quitting Chrome browser on thread: TestNG-PoolService-3
2026-06-11 14:10:54.376 [TestNG-PoolService-3] INFO  com.hackathonproject.hooks.CucumberHooks - Browser closed. Scenario teardown complete.
2026-06-11 14:10:54.414 [TestNG-PoolService-3] INFO  com.hackathonproject.listeners.CucumberListener - ■ SCENARIO PASSED: [Extract all languages and levels from Language Learning category] in 81.99s
2026-06-11 14:11:00.775 [TestNG-PoolService-1] INFO  com.hackathonproject.listeners.CucumberListener -    ✓ STEP PASSED: the user applies the level filter "Beginner"
2026-06-11 14:11:00.775 [TestNG-PoolService-1] INFO  com.hackathonproject.stepdefinitions.CourseSearchSteps - STEP: Extracting 5 courses
2026-06-11 14:11:00.784 [TestNG-PoolService-1] INFO  com.hackathonproject.pages.SearchResultsPage - Extracting top 5 courses
2026-06-11 14:11:10.918 [TestNG-PoolService-1] INFO  com.hackathonproject.utils.JavaScriptUtil - Scrolled by 800 pixels
2026-06-11 14:11:11.024 [TestNG-PoolService-1] INFO  com.hackathonproject.utils.JavaScriptUtil - Scrolled to top of page
2026-06-11 14:11:11.121 [TestNG-PoolService-1] INFO  com.hackathonproject.pages.SearchResultsPage - Found 11 course cards
2026-06-11 14:11:11.191 [TestNG-PoolService-1] INFO  com.hackathonproject.pages.SearchResultsPage - Extracted: 1. Status: Free Trial | Rating: 4.7 | Hours: 3 - 6 Months
2026-06-11 14:11:11.543 [TestNG-PoolService-1] INFO  com.hackathonproject.pages.SearchResultsPage - Extracted: 2. Status: Preview | Rating: 4.6 | Hours: 1 - 3 Months
2026-06-11 14:11:11.572 [TestNG-PoolService-1] INFO  com.hackathonproject.pages.SearchResultsPage - Extracted: 3. Status: New | Rating: N/A | Hours: 3 - 6 Months
2026-06-11 14:11:11.616 [TestNG-PoolService-1] INFO  com.hackathonproject.pages.SearchResultsPage - Total extracted: 3
2026-06-11 14:11:11.616 [TestNG-PoolService-1] INFO  com.hackathonproject.stepdefinitions.CourseSearchSteps - Course: 1. Status: Free Trial | Rating: 4.7 | Hours: 3 - 6 Months
2026-06-11 14:11:11.616 [TestNG-PoolService-1] INFO  com.hackathonproject.stepdefinitions.CourseSearchSteps - Course: 2. Status: Preview | Rating: 4.6 | Hours: 1 - 3 Months
2026-06-11 14:11:11.621 [TestNG-PoolService-1] INFO  com.hackathonproject.stepdefinitions.CourseSearchSteps - Course: 3. Status: New | Rating: N/A | Hours: 3 - 6 Months
2026-06-11 14:11:11.622 [TestNG-PoolService-1] INFO  com.hackathonproject.stepdefinitions.CourseSearchSteps - Extraction complete. Got 3 courses.
2026-06-11 14:11:11.624 [TestNG-PoolService-1] INFO  com.hackathonproject.listeners.CucumberListener -    ✓ STEP PASSED: the user extracts the first 5 courses with name, hours and rating
2026-06-11 14:11:11.625 [TestNG-PoolService-1] INFO  com.hackathonproject.stepdefinitions.CourseSearchSteps - STEP: Saving course data to Excel
2026-06-11 14:11:11.625 [TestNG-PoolService-1] INFO  com.hackathonproject.pages.SearchResultsPage - Saving 3 courses to Excel: src/test/resources/testdata/CourseData.xlsx
2026-06-11 14:11:11.634 [TestNG-PoolService-1] INFO  com.hackathonproject.utils.ExcelDataWriter - Writing 3 courses to Excel: src/test/resources/testdata/CourseData.xlsx
2026-06-11 14:11:13.534 [TestNG-PoolService-1] INFO  com.hackathonproject.utils.ExcelDataWriter - Excel file saved: src/test/resources/testdata/CourseData.xlsx
2026-06-11 14:11:13.555 [TestNG-PoolService-1] INFO  com.hackathonproject.stepdefinitions.CourseSearchSteps - Excel saved successfully: src/test/resources/testdata/CourseData.xlsx
2026-06-11 14:11:13.555 [TestNG-PoolService-1] INFO  com.hackathonproject.listeners.CucumberListener -    ✓ STEP PASSED: the course data is saved to an Excel file
2026-06-11 14:11:13.564 [TestNG-PoolService-1] INFO  com.hackathonproject.stepdefinitions.CourseSearchSteps - STEP: Verifying search results page
2026-06-11 14:11:13.580 [TestNG-PoolService-1] INFO  com.hackathonproject.stepdefinitions.CourseSearchSteps - Search results page verified. URL: https://www.coursera.org/search?query=web%20development%20courses%20for%20beginners&language=English&productDifficultyLevel=Beginner
2026-06-11 14:11:13.580 [TestNG-PoolService-1] INFO  com.hackathonproject.listeners.CucumberListener -    ✓ STEP PASSED: the search results page should be displayed
2026-06-11 14:11:13.588 [TestNG-PoolService-1] INFO  com.hackathonproject.stepdefinitions.CourseSearchSteps - STEP: Asserting first course name is not empty
2026-06-11 14:11:13.589 [TestNG-PoolService-1] INFO  com.hackathonproject.stepdefinitions.CourseSearchSteps - First course name: Status: Free Trial
2026-06-11 14:11:13.589 [TestNG-PoolService-1] INFO  com.hackathonproject.listeners.CucumberListener -    ✓ STEP PASSED: the first course name should not be empty
2026-06-11 14:11:13.589 [TestNG-PoolService-1] INFO  com.hackathonproject.hooks.CucumberHooks - ====== SCENARIO FINISHED: Search web development courses for beginners in English and save to Excel | Status: PASSED ======
2026-06-11 14:11:13.589 [TestNG-PoolService-1] INFO  com.hackathonproject.base.BaseClass - Quitting Chrome browser on thread: TestNG-PoolService-1
2026-06-11 14:11:19.771 [TestNG-PoolService-1] INFO  com.hackathonproject.hooks.CucumberHooks - Browser closed. Scenario teardown complete.
2026-06-11 14:11:19.784 [TestNG-PoolService-1] INFO  com.hackathonproject.listeners.CucumberListener - ■ SCENARIO PASSED: [Search web development courses for beginners in English and save to Excel] in 107.67s
2026-06-11 14:11:19.850 [TestNG-test-CourseraTests-1] INFO  com.hackathonproject.listeners.CucumberListener - ========================================
2026-06-11 14:11:19.851 [TestNG-test-CourseraTests-1] INFO  com.hackathonproject.listeners.CucumberListener -   CUCUMBER TEST RUN FINISHED
2026-06-11 14:11:19.851 [TestNG-test-CourseraTests-1] INFO  com.hackathonproject.listeners.CucumberListener - ========================================
2026-06-11 14:11:20.406 [TestNG-test-CourseraTests-1] INFO  com.hackathonproject.utils.ExtentReportManager - Extent Reports flushed to disk
2026-06-11 14:11:20.407 [TestNG-test-CourseraTests-1] INFO  com.hackathonproject.listeners.CucumberListener - Extent Reports flushed successfully
2026-06-11 14:11:20.413 [TestNG-test-CourseraTests-1] INFO  com.hackathonproject.listeners.CucumberListener - Report archived: reports/cucumber/cucumber-report_2026-06-11_14-09-38.html
2026-06-11 14:11:20.418 [TestNG-test-CourseraTests-1] INFO  com.hackathonproject.listeners.CucumberListener - Report archived: reports/cucumber/cucumber-report_2026-06-11_14-09-38.json
2026-06-11 14:29:07.822 [TestNG-PoolService-1] INFO  com.hackathonproject.listeners.CucumberListener - ▶ SCENARIO STARTED: [Search web development courses for beginners in English and save to Excel] in [file:///C:/Users/2495236/HackathonProject_IdentifyCourses_POD1/src/test/resources/features/CourseSearch.feature]
2026-06-11 14:29:07.841 [TestNG-PoolService-3] INFO  com.hackathonproject.listeners.CucumberListener - ▶ SCENARIO STARTED: [Extract all languages and levels from Language Learning category] in [file:///C:/Users/2495236/HackathonProject_IdentifyCourses_POD1/src/test/resources/features/LanguageLearning.feature]
2026-06-11 14:29:07.864 [TestNG-PoolService-2] INFO  com.hackathonproject.listeners.CucumberListener - ▶ SCENARIO STARTED: [Verify email validation error on business contact form] in [file:///C:/Users/2495236/HackathonProject_IdentifyCourses_POD1/src/test/resources/features/EnterpriseForm.feature]
2026-06-11 14:29:07.870 [TestNG-PoolService-2] INFO  com.hackathonproject.hooks.CucumberHooks - ====== SCENARIO STARTED: Verify email validation error on business contact form ======
2026-06-11 14:29:07.870 [TestNG-PoolService-3] INFO  com.hackathonproject.hooks.CucumberHooks - ====== SCENARIO STARTED: Extract all languages and levels from Language Learning category ======
2026-06-11 14:29:07.870 [TestNG-PoolService-1] INFO  com.hackathonproject.hooks.CucumberHooks - ====== SCENARIO STARTED: Search web development courses for beginners in English and save to Excel ======
2026-06-11 14:29:07.871 [TestNG-PoolService-3] INFO  com.hackathonproject.hooks.CucumberHooks - Tags: [@LanguageLearning, @Smoke]
2026-06-11 14:29:07.871 [TestNG-PoolService-1] INFO  com.hackathonproject.hooks.CucumberHooks - Tags: [@CourseSearch, @Smoke]
2026-06-11 14:29:07.871 [TestNG-PoolService-2] INFO  com.hackathonproject.hooks.CucumberHooks - Tags: [@EnterpriseForm, @Smoke, @Regression]
2026-06-11 14:29:07.881 [TestNG-PoolService-1] INFO  com.hackathonproject.utils.ConfigReader - config.properties loaded successfully
2026-06-11 14:29:07.882 [TestNG-PoolService-1] INFO  com.hackathonproject.base.BaseClass - Launching browser: Chrome | headless=false | thread=TestNG-PoolService-1
2026-06-11 14:29:07.882 [TestNG-PoolService-2] INFO  com.hackathonproject.base.BaseClass - Launching browser: Chrome | headless=false | thread=TestNG-PoolService-2
2026-06-11 14:29:07.882 [TestNG-PoolService-3] INFO  com.hackathonproject.base.BaseClass - Launching browser: Chrome | headless=false | thread=TestNG-PoolService-3
2026-06-11 14:29:13.242 [TestNG-PoolService-1] INFO  com.hackathonproject.base.BaseClass - Chrome browser launched
2026-06-11 14:29:13.242 [TestNG-PoolService-3] INFO  com.hackathonproject.base.BaseClass - Chrome browser launched
2026-06-11 14:29:13.244 [TestNG-PoolService-2] INFO  com.hackathonproject.base.BaseClass - Chrome browser launched
2026-06-11 14:29:13.282 [TestNG-PoolService-1] INFO  com.hackathonproject.base.BaseClass - WebDriver [Chrome] created and stored in ThreadLocal. Session: 26fcc4a3187d807a27367479873ba94d
2026-06-11 14:29:13.285 [TestNG-PoolService-2] INFO  com.hackathonproject.base.BaseClass - WebDriver [Chrome] created and stored in ThreadLocal. Session: bef3cb5a63ce2b7e9d6e52e4a151bb45
2026-06-11 14:29:13.289 [TestNG-PoolService-3] INFO  com.hackathonproject.base.BaseClass - WebDriver [Chrome] created and stored in ThreadLocal. Session: b98a395fd0a5c882eceac3407bf9e7d7
2026-06-11 14:29:13.713 [TestNG-PoolService-2] INFO  com.hackathonproject.utils.ExtentReportManager - ExtentReports initialised at: reports/extent/ExtentReport_2026-06-11_14-29-13.html
2026-06-11 14:29:13.721 [TestNG-PoolService-1] INFO  com.hackathonproject.hooks.CucumberHooks - Browser launched successfully
2026-06-11 14:29:13.721 [TestNG-PoolService-3] INFO  com.hackathonproject.hooks.CucumberHooks - Browser launched successfully
2026-06-11 14:29:13.721 [TestNG-PoolService-2] INFO  com.hackathonproject.hooks.CucumberHooks - Browser launched successfully
2026-06-11 14:29:13.774 [TestNG-PoolService-3] INFO  com.hackathonproject.stepdefinitions.LanguageLearningSteps - STEP: Navigating to Language Learning category
2026-06-11 14:29:13.812 [TestNG-PoolService-2] INFO  com.hackathonproject.stepdefinitions.EnterpriseFormSteps - STEP: Navigating to Coursera For Business page
2026-06-11 14:29:13.822 [TestNG-PoolService-1] INFO  com.hackathonproject.stepdefinitions.CourseSearchSteps - STEP: Opening Coursera home page
2026-06-11 14:29:13.831 [TestNG-PoolService-1] INFO  com.hackathonproject.pages.HomePage - Navigating to: https://www.coursera.org
2026-06-11 14:29:30.106 [TestNG-PoolService-2] INFO  com.hackathonproject.listeners.CucumberListener -    ✓ STEP PASSED: the user navigates to the Coursera For Business page
2026-06-11 14:29:30.106 [TestNG-PoolService-2] INFO  com.hackathonproject.stepdefinitions.EnterpriseFormSteps - STEP: Clicking Contact Sales / scrolling to form
2026-06-11 14:29:30.106 [TestNG-PoolService-2] INFO  com.hackathonproject.pages.CampusPage - Scrolling to form section
2026-06-11 14:29:30.135 [TestNG-PoolService-2] INFO  com.hackathonproject.utils.JavaScriptUtil - Scrolled by 2000 pixels
2026-06-11 14:29:30.203 [TestNG-PoolService-2] INFO  com.hackathonproject.pages.CampusPage - Marketo form found
2026-06-11 14:29:30.205 [TestNG-PoolService-2] INFO  com.hackathonproject.listeners.CucumberListener -    ✓ STEP PASSED: the user clicks on Contact Sales
2026-06-11 14:29:30.226 [TestNG-PoolService-2] INFO  com.hackathonproject.stepdefinitions.EnterpriseFormSteps - STEP: Filling contact form with DataTable values
2026-06-11 14:29:30.229 [TestNG-PoolService-2] INFO  com.hackathonproject.stepdefinitions.EnterpriseFormSteps - Form data: {firstName=Madhu, lastName=Varshini, email=madhuvarshinicogniznat.com}
2026-06-11 14:29:30.229 [TestNG-PoolService-2] INFO  com.hackathonproject.pages.CampusPage - Filling form with invalid email: madhuvarshinicogniznat.com
2026-06-11 14:29:30.634 [TestNG-PoolService-2] INFO  com.hackathonproject.pages.CampusPage - Entered First Name: Madhu
2026-06-11 14:29:31.365 [TestNG-PoolService-2] INFO  com.hackathonproject.pages.CampusPage - Entered Last Name: Varshini
2026-06-11 14:29:32.649 [TestNG-PoolService-3] INFO  com.hackathonproject.listeners.CucumberListener -    ✓ STEP PASSED: the user navigates to the Language Learning category
2026-06-11 14:29:32.655 [TestNG-PoolService-3] INFO  com.hackathonproject.stepdefinitions.LanguageLearningSteps - STEP: Opening Language filter dropdown
2026-06-11 14:29:32.657 [TestNG-PoolService-3] INFO  com.hackathonproject.pages.LanguageCoursesPage - Extracting all language filter options
2026-06-11 14:29:33.852 [TestNG-PoolService-3] INFO  com.hackathonproject.utils.JavaScriptUtil - JavaScript click performed on element
2026-06-11 14:29:41.082 [TestNG-PoolService-1] INFO  com.hackathonproject.stepdefinitions.CourseSearchSteps - Home page opened successfully
2026-06-11 14:29:41.084 [TestNG-PoolService-1] INFO  com.hackathonproject.listeners.CucumberListener -    ✓ STEP PASSED: the user is on the Coursera home page
2026-06-11 14:29:41.102 [TestNG-PoolService-1] INFO  com.hackathonproject.stepdefinitions.CourseSearchSteps - STEP: Searching for: web development courses for beginners
2026-06-11 14:29:41.102 [TestNG-PoolService-1] INFO  com.hackathonproject.pages.HomePage - Searching for: web development courses for beginners
2026-06-11 14:29:43.939 [TestNG-PoolService-3] INFO  com.hackathonproject.pages.LanguageCoursesPage - Clicked 'Language' section
2026-06-11 14:29:52.206 [TestNG-PoolService-2] WARN  com.hackathonproject.utils.WaitUtil - Element not visible within timeout
2026-06-11 14:29:52.206 [TestNG-PoolService-2] INFO  com.hackathonproject.pages.CampusPage - Entered invalid email: madhuvarshinicogniznat.com
2026-06-11 14:29:52.208 [TestNG-PoolService-2] INFO  com.hackathonproject.pages.CampusPage - Form filled successfully
2026-06-11 14:29:52.483 [TestNG-PoolService-2] INFO  com.hackathonproject.utils.ScreenshotUtil - Screenshot saved: C:\Users\2495236\HackathonProject_IdentifyCourses_POD1\screenshots\FormFilledWithInvalidEmail_2026-06-11_14-29-52.png
2026-06-11 14:29:52.535 [TestNG-PoolService-2] INFO  com.hackathonproject.listeners.CucumberListener -    ✓ STEP PASSED: the user fills the contact form with the following details:
2026-06-11 14:29:52.542 [TestNG-PoolService-2] INFO  com.hackathonproject.stepdefinitions.EnterpriseFormSteps - STEP: Checking for email validation error message
2026-06-11 14:29:52.807 [TestNG-PoolService-2] INFO  com.hackathonproject.pages.CampusPage - Submit clicked
2026-06-11 14:29:52.807 [TestNG-PoolService-2] INFO  com.hackathonproject.pages.CampusPage - Capturing email error message
2026-06-11 14:29:53.112 [TestNG-PoolService-2] INFO  com.hackathonproject.pages.CampusPage - Error: Must be valid email.
example@yourdomain.com
2026-06-11 14:29:53.113 [TestNG-PoolService-2] INFO  com.hackathonproject.stepdefinitions.EnterpriseFormSteps - Captured error message: Must be valid email.
example@yourdomain.com
2026-06-11 14:29:53.457 [TestNG-PoolService-2] INFO  com.hackathonproject.utils.ScreenshotUtil - Screenshot saved: C:\Users\2495236\HackathonProject_IdentifyCourses_POD1\screenshots\EmailValidationError_2026-06-11_14-29-53.png
2026-06-11 14:29:53.515 [TestNG-PoolService-2] INFO  com.hackathonproject.listeners.CucumberListener -    ✓ STEP PASSED: an email validation error message should be displayed
2026-06-11 14:29:53.525 [TestNG-PoolService-2] INFO  com.hackathonproject.stepdefinitions.EnterpriseFormSteps - STEP: Asserting error message contains: valid email
2026-06-11 14:29:53.530 [TestNG-PoolService-2] INFO  com.hackathonproject.stepdefinitions.EnterpriseFormSteps - Assertion PASSED: Must be valid email.
example@yourdomain.com
2026-06-11 14:29:53.536 [TestNG-PoolService-2] INFO  com.hackathonproject.listeners.CucumberListener -    ✓ STEP PASSED: the error message should contain "valid email"
2026-06-11 14:29:53.547 [TestNG-PoolService-2] INFO  com.hackathonproject.hooks.CucumberHooks - ====== SCENARIO FINISHED: Verify email validation error on business contact form | Status: PASSED ======
2026-06-11 14:29:53.547 [TestNG-PoolService-2] INFO  com.hackathonproject.base.BaseClass - Quitting Chrome browser on thread: TestNG-PoolService-2
2026-06-11 14:30:01.840 [TestNG-PoolService-3] INFO  com.hackathonproject.pages.LanguageCoursesPage - Total languages: 62
2026-06-11 14:30:01.865 [TestNG-PoolService-3] INFO  com.hackathonproject.listeners.CucumberListener -    ✓ STEP PASSED: the user opens the language filter dropdown
2026-06-11 14:30:01.877 [TestNG-PoolService-3] INFO  com.hackathonproject.stepdefinitions.LanguageLearningSteps - STEP: Opening Level filter dropdown
2026-06-11 14:30:01.879 [TestNG-PoolService-3] INFO  com.hackathonproject.pages.LanguageCoursesPage - Extracting all level filter options
2026-06-11 14:30:09.211 [TestNG-PoolService-2] INFO  com.hackathonproject.hooks.CucumberHooks - Browser closed. Scenario teardown complete.
2026-06-11 14:30:09.794 [TestNG-PoolService-2] INFO  com.hackathonproject.listeners.CucumberListener - ■ SCENARIO PASSED: [Verify email validation error on business contact form] in 61.67s
2026-06-11 14:30:15.278 [TestNG-PoolService-1] INFO  com.hackathonproject.pages.HomePage - Search submitted. URL: https://www.coursera.org/search?query=web%20development%20courses%20for%20beginners
2026-06-11 14:30:15.285 [TestNG-PoolService-1] INFO  com.hackathonproject.listeners.CucumberListener -    ✓ STEP PASSED: the user searches for "web development courses for beginners"
2026-06-11 14:30:15.287 [TestNG-PoolService-1] INFO  com.hackathonproject.stepdefinitions.CourseSearchSteps - STEP: Applying language filter: English
2026-06-11 14:30:15.290 [TestNG-PoolService-1] INFO  com.hackathonproject.pages.SearchResultsPage - Applying language filter: English
2026-06-11 14:30:24.577 [TestNG-PoolService-3] INFO  com.hackathonproject.utils.JavaScriptUtil - JavaScript click performed on element
2026-06-11 14:30:31.878 [TestNG-PoolService-1] INFO  com.hackathonproject.listeners.CucumberListener -    ✓ STEP PASSED: the user applies the language filter "English"
2026-06-11 14:30:31.878 [TestNG-PoolService-1] INFO  com.hackathonproject.stepdefinitions.CourseSearchSteps - STEP: Applying level filter: Beginner
2026-06-11 14:30:31.878 [TestNG-PoolService-1] INFO  com.hackathonproject.pages.SearchResultsPage - Applying level filter: Beginner
2026-06-11 14:30:34.632 [TestNG-PoolService-3] INFO  com.hackathonproject.pages.LanguageCoursesPage - Clicked 'Level' section
2026-06-11 14:30:34.855 [TestNG-PoolService-3] INFO  com.hackathonproject.pages.LanguageCoursesPage - Level: Beginner → 5168
2026-06-11 14:30:34.856 [TestNG-PoolService-3] INFO  com.hackathonproject.pages.LanguageCoursesPage - Level: Intermediate → 4375
2026-06-11 14:30:34.856 [TestNG-PoolService-3] INFO  com.hackathonproject.pages.LanguageCoursesPage - Level: Advanced → 457
2026-06-11 14:30:34.856 [TestNG-PoolService-3] INFO  com.hackathonproject.pages.LanguageCoursesPage - Level: Mixed → 1499
2026-06-11 14:30:34.856 [TestNG-PoolService-3] INFO  com.hackathonproject.pages.LanguageCoursesPage - Total levels: 4
2026-06-11 14:30:34.861 [TestNG-PoolService-3] INFO  com.hackathonproject.listeners.CucumberListener -    ✓ STEP PASSED: the user opens the level filter dropdown
2026-06-11 14:30:34.863 [TestNG-PoolService-3] INFO  com.hackathonproject.stepdefinitions.LanguageLearningSteps - STEP: Verifying languages were captured
2026-06-11 14:30:34.866 [TestNG-PoolService-3] INFO  com.hackathonproject.stepdefinitions.LanguageLearningSteps - 
===== LANGUAGES EXTRACTED =====
  English                   -> 10843 courses
  Kazakh                    -> 4433 courses
  Spanish                   -> 4368 courses
  French                    -> 4298 courses
  Arabic                    -> 4199 courses
  German                    -> 4182 courses
  Portuguese                -> 3031 courses
  Indonesian                -> 2986 courses
  Chinese                   -> 2822 courses
  Hungarian                 -> 2760 courses
  Russian                   -> 2686 courses
  Japanese                  -> 2681 courses
  Korean                    -> 2664 courses
  Hindi                     -> 2593 courses
  Italian                   -> 2579 courses
  Turkish                   -> 2541 courses
  Thai                      -> 2505 courses
  Ukrainian                 -> 2484 courses
  Dutch                     -> 2473 courses
  Greek                     -> 2472 courses
  Polish                    -> 2470 courses
  Swedish                   -> 2452 courses
  Uzbek                     -> 1963 courses
  Pushto                    -> 1840 courses
  Vietnamese                -> 1832 courses
  Azerbaijani               -> 1624 courses
  Urdu                      -> 1362 courses
  Bengali                   -> 1354 courses
  Oriya                     -> 238 courses
  Malay                     -> 206 courses
  Haitian (Haitian Creole)  -> 91 courses
  Persian                   -> 62 courses
  Khmer                     -> 38 courses
  Romanian                  -> 31 courses
  Hebrew                    -> 29 courses
  Serbian                   -> 23 courses
  Afrikaans                 -> 19 courses
  Finnish                   -> 16 courses
  Javanese                  -> 16 courses
  Tamil                     -> 16 courses
  Catalan                   -> 13 courses
  Slovak                    -> 11 courses
  Czech                     -> 10 courses
  Estonian                  -> 9 courses
  Mongolian                 -> 8 courses
  Albanian                  -> 5 courses
  Croatian                  -> 5 courses
  Georgian                  -> 5 courses
  Telugu                    -> 5 courses
  Bulgarian                 -> 3 courses
  Latvian                   -> 3 courses
  Lithuanian                -> 3 courses
  Burmese                   -> 2 courses
  Danish                    -> 2 courses
  Malayalam                 -> 2 courses
  Marathi                   -> 2 courses
  Nepali                    -> 2 courses
  Kinyarwanda               -> 1 courses
  Macedonian                -> 1 courses
  Slovenian                 -> 1 courses
  Swahili                   -> 1 courses
  Tagalog                   -> 1 courses
================================
2026-06-11 14:30:34.870 [TestNG-PoolService-3] INFO  com.hackathonproject.listeners.CucumberListener -    ✓ STEP PASSED: all available languages with their counts should be captured and displayed
2026-06-11 14:30:34.875 [TestNG-PoolService-3] INFO  com.hackathonproject.stepdefinitions.LanguageLearningSteps - STEP: Verifying levels were captured
2026-06-11 14:30:34.877 [TestNG-PoolService-3] INFO  com.hackathonproject.stepdefinitions.LanguageLearningSteps - 
===== LEVELS EXTRACTED =====
  Beginner                  -> 5168 courses
  Intermediate              -> 4375 courses
  Advanced                  -> 457 courses
  Mixed                     -> 1499 courses
============================
2026-06-11 14:30:34.880 [TestNG-PoolService-3] INFO  com.hackathonproject.listeners.CucumberListener -    ✓ STEP PASSED: all available levels with their counts should be captured and displayed
2026-06-11 14:30:34.888 [TestNG-PoolService-3] INFO  com.hackathonproject.stepdefinitions.LanguageLearningSteps - STEP: Asserting language count >= 5
2026-06-11 14:30:34.893 [TestNG-PoolService-3] INFO  com.hackathonproject.stepdefinitions.LanguageLearningSteps - Language count: 62 >= 5
2026-06-11 14:30:34.895 [TestNG-PoolService-3] INFO  com.hackathonproject.listeners.CucumberListener -    ✓ STEP PASSED: the language list should contain at least 5 languages
2026-06-11 14:30:34.897 [TestNG-PoolService-3] INFO  com.hackathonproject.stepdefinitions.LanguageLearningSteps - STEP: Asserting level count >= 2
2026-06-11 14:30:34.899 [TestNG-PoolService-3] INFO  com.hackathonproject.stepdefinitions.LanguageLearningSteps - Level count: 4 >= 2
2026-06-11 14:30:34.899 [TestNG-PoolService-3] INFO  com.hackathonproject.listeners.CucumberListener -    ✓ STEP PASSED: the level list should contain at least 2 levels
2026-06-11 14:30:34.903 [TestNG-PoolService-3] INFO  com.hackathonproject.hooks.CucumberHooks - ====== SCENARIO FINISHED: Extract all languages and levels from Language Learning category | Status: PASSED ======
2026-06-11 14:30:34.904 [TestNG-PoolService-3] INFO  com.hackathonproject.base.BaseClass - Quitting Chrome browser on thread: TestNG-PoolService-3
2026-06-11 14:30:41.865 [TestNG-PoolService-3] INFO  com.hackathonproject.hooks.CucumberHooks - Browser closed. Scenario teardown complete.
2026-06-11 14:30:41.875 [TestNG-PoolService-3] INFO  com.hackathonproject.listeners.CucumberListener - ■ SCENARIO PASSED: [Extract all languages and levels from Language Learning category] in 94.33s
2026-06-11 14:30:48.348 [TestNG-PoolService-1] INFO  com.hackathonproject.listeners.CucumberListener -    ✓ STEP PASSED: the user applies the level filter "Beginner"
2026-06-11 14:30:48.354 [TestNG-PoolService-1] INFO  com.hackathonproject.stepdefinitions.CourseSearchSteps - STEP: Extracting 5 courses
2026-06-11 14:30:48.354 [TestNG-PoolService-1] INFO  com.hackathonproject.pages.SearchResultsPage - Extracting top 5 courses
2026-06-11 14:30:58.506 [TestNG-PoolService-1] INFO  com.hackathonproject.utils.JavaScriptUtil - Scrolled by 800 pixels
2026-06-11 14:30:58.659 [TestNG-PoolService-1] INFO  com.hackathonproject.utils.JavaScriptUtil - Scrolled to top of page
2026-06-11 14:30:58.747 [TestNG-PoolService-1] INFO  com.hackathonproject.pages.SearchResultsPage - Found 11 course cards
2026-06-11 14:30:58.811 [TestNG-PoolService-1] INFO  com.hackathonproject.pages.SearchResultsPage - Extracted: 1. Status: Free Trial | Rating: 4.7 | Hours: 3 - 6 Months
2026-06-11 14:30:59.152 [TestNG-PoolService-1] INFO  com.hackathonproject.pages.SearchResultsPage - Extracted: 2. Status: Preview | Rating: 4.6 | Hours: 1 - 3 Months
2026-06-11 14:30:59.183 [TestNG-PoolService-1] INFO  com.hackathonproject.pages.SearchResultsPage - Extracted: 3. Status: New | Rating: N/A | Hours: 3 - 6 Months
2026-06-11 14:30:59.215 [TestNG-PoolService-1] INFO  com.hackathonproject.pages.SearchResultsPage - Total extracted: 3
2026-06-11 14:30:59.215 [TestNG-PoolService-1] INFO  com.hackathonproject.stepdefinitions.CourseSearchSteps - Course: 1. Status: Free Trial | Rating: 4.7 | Hours: 3 - 6 Months
2026-06-11 14:30:59.215 [TestNG-PoolService-1] INFO  com.hackathonproject.stepdefinitions.CourseSearchSteps - Course: 2. Status: Preview | Rating: 4.6 | Hours: 1 - 3 Months
2026-06-11 14:30:59.215 [TestNG-PoolService-1] INFO  com.hackathonproject.stepdefinitions.CourseSearchSteps - Course: 3. Status: New | Rating: N/A | Hours: 3 - 6 Months
2026-06-11 14:30:59.215 [TestNG-PoolService-1] INFO  com.hackathonproject.stepdefinitions.CourseSearchSteps - Extraction complete. Got 3 courses.
2026-06-11 14:30:59.215 [TestNG-PoolService-1] INFO  com.hackathonproject.listeners.CucumberListener -    ✓ STEP PASSED: the user extracts the first 5 courses with name, hours and rating
2026-06-11 14:30:59.215 [TestNG-PoolService-1] INFO  com.hackathonproject.stepdefinitions.CourseSearchSteps - STEP: Saving course data to Excel
2026-06-11 14:30:59.231 [TestNG-PoolService-1] INFO  com.hackathonproject.pages.SearchResultsPage - Saving 3 courses to Excel: src/test/resources/testdata/CourseData.xlsx
2026-06-11 14:30:59.247 [TestNG-PoolService-1] INFO  com.hackathonproject.utils.ExcelDataWriter - Writing 3 courses to Excel: src/test/resources/testdata/CourseData.xlsx
2026-06-11 14:31:01.695 [TestNG-PoolService-1] INFO  com.hackathonproject.utils.ExcelDataWriter - Excel file saved: src/test/resources/testdata/CourseData.xlsx
2026-06-11 14:31:01.716 [TestNG-PoolService-1] INFO  com.hackathonproject.stepdefinitions.CourseSearchSteps - Excel saved successfully: src/test/resources/testdata/CourseData.xlsx
2026-06-11 14:31:01.716 [TestNG-PoolService-1] INFO  com.hackathonproject.listeners.CucumberListener -    ✓ STEP PASSED: the course data is saved to an Excel file
2026-06-11 14:31:01.716 [TestNG-PoolService-1] INFO  com.hackathonproject.stepdefinitions.CourseSearchSteps - STEP: Verifying search results page
2026-06-11 14:31:01.750 [TestNG-PoolService-1] INFO  com.hackathonproject.stepdefinitions.CourseSearchSteps - Search results page verified. URL: https://www.coursera.org/search?query=web%20development%20courses%20for%20beginners&language=English&productDifficultyLevel=Beginner
2026-06-11 14:31:01.750 [TestNG-PoolService-1] INFO  com.hackathonproject.listeners.CucumberListener -    ✓ STEP PASSED: the search results page should be displayed
2026-06-11 14:31:01.752 [TestNG-PoolService-1] INFO  com.hackathonproject.stepdefinitions.CourseSearchSteps - STEP: Asserting first course name is not empty
2026-06-11 14:31:01.754 [TestNG-PoolService-1] INFO  com.hackathonproject.stepdefinitions.CourseSearchSteps - First course name: Status: Free Trial
2026-06-11 14:31:01.756 [TestNG-PoolService-1] INFO  com.hackathonproject.listeners.CucumberListener -    ✓ STEP PASSED: the first course name should not be empty
2026-06-11 14:31:01.759 [TestNG-PoolService-1] INFO  com.hackathonproject.hooks.CucumberHooks - ====== SCENARIO FINISHED: Search web development courses for beginners in English and save to Excel | Status: PASSED ======
2026-06-11 14:31:01.759 [TestNG-PoolService-1] INFO  com.hackathonproject.base.BaseClass - Quitting Chrome browser on thread: TestNG-PoolService-1
2026-06-11 14:31:08.583 [TestNG-PoolService-1] INFO  com.hackathonproject.hooks.CucumberHooks - Browser closed. Scenario teardown complete.
2026-06-11 14:31:08.597 [TestNG-PoolService-1] INFO  com.hackathonproject.listeners.CucumberListener - ■ SCENARIO PASSED: [Search web development courses for beginners in English and save to Excel] in 121.05s
2026-06-11 14:31:08.657 [TestNG-test-CourseraTests-1] INFO  com.hackathonproject.listeners.CucumberListener - ========================================
2026-06-11 14:31:08.658 [TestNG-test-CourseraTests-1] INFO  com.hackathonproject.listeners.CucumberListener -   CUCUMBER TEST RUN FINISHED
2026-06-11 14:31:08.658 [TestNG-test-CourseraTests-1] INFO  com.hackathonproject.listeners.CucumberListener - ========================================
2026-06-11 14:31:09.302 [TestNG-test-CourseraTests-1] INFO  com.hackathonproject.utils.ExtentReportManager - Extent Reports flushed to disk
2026-06-11 14:31:09.303 [TestNG-test-CourseraTests-1] INFO  com.hackathonproject.listeners.CucumberListener - Extent Reports flushed successfully
2026-06-11 14:31:09.309 [TestNG-test-CourseraTests-1] INFO  com.hackathonproject.listeners.CucumberListener - Report archived: reports/cucumber/cucumber-report_2026-06-11_14-29-13.html
2026-06-11 14:31:09.313 [TestNG-test-CourseraTests-1] INFO  com.hackathonproject.listeners.CucumberListener - Report archived: reports/cucumber/cucumber-report_2026-06-11_14-29-13.json
